// Jest Snapshot v1, https://goo.gl/fbAQLP

exports[`should render AddPartnerPage correctly 1`] = `
<div>
  <h1>
    Complete seu cadastro
  </h1>
  <PartnerForm
    onSubmit={[Function]}
  />
</div>
`;
